61 행: cmdBrowseCompleteSound의 _extentx 속성 이름이 잘못되었습니다. 
62 행: cmdBrowseCompleteSound의 _extenty 속성 이름이 잘못되었습니다. 
63 행: cmdBrowseCompleteSound의 imagelistalignment 속성 이름이 잘못되었습니다. 
87 행: cmdTestCompleteSound의 _extentx 속성 이름이 잘못되었습니다. 
88 행: cmdTestCompleteSound의 _extenty 속성 이름이 잘못되었습니다. 
81 행: cmdTestCompleteSound의 Font 속성을 설정할 수 없습니다.
98 행: cmdResetCompleteSound의 _extentx 속성 이름이 잘못되었습니다. 
99 행: cmdResetCompleteSound의 _extenty 속성 이름이 잘못되었습니다. 
100 행: cmdResetCompleteSound의 imagelistalignment 속성 이름이 잘못되었습니다. 
132 행: cmdBrowseAsterisk의 _extentx 속성 이름이 잘못되었습니다. 
133 행: cmdBrowseAsterisk의 _extenty 속성 이름이 잘못되었습니다. 
134 행: cmdBrowseAsterisk의 imagelistalignment 속성 이름이 잘못되었습니다. 
158 행: cmdTestAsterisk의 _extentx 속성 이름이 잘못되었습니다. 
159 행: cmdTestAsterisk의 _extenty 속성 이름이 잘못되었습니다. 
152 행: cmdTestAsterisk의 Font 속성을 설정할 수 없습니다.
169 행: cmdResetAsterisk의 _extentx 속성 이름이 잘못되었습니다. 
170 행: cmdResetAsterisk의 _extenty 속성 이름이 잘못되었습니다. 
171 행: cmdResetAsterisk의 imagelistalignment 속성 이름이 잘못되었습니다. 
188 행: cmdBrowseExclamation의 _extentx 속성 이름이 잘못되었습니다. 
189 행: cmdBrowseExclamation의 _extenty 속성 이름이 잘못되었습니다. 
190 행: cmdBrowseExclamation의 imagelistalignment 속성 이름이 잘못되었습니다. 
214 행: cmdTestExclamation의 _extentx 속성 이름이 잘못되었습니다. 
215 행: cmdTestExclamation의 _extenty 속성 이름이 잘못되었습니다. 
208 행: cmdTestExclamation의 Font 속성을 설정할 수 없습니다.
225 행: cmdResetExclamation의 _extentx 속성 이름이 잘못되었습니다. 
226 행: cmdResetExclamation의 _extenty 속성 이름이 잘못되었습니다. 
227 행: cmdResetExclamation의 imagelistalignment 속성 이름이 잘못되었습니다. 
244 행: cmdBrowseError의 _extentx 속성 이름이 잘못되었습니다. 
245 행: cmdBrowseError의 _extenty 속성 이름이 잘못되었습니다. 
246 행: cmdBrowseError의 imagelistalignment 속성 이름이 잘못되었습니다. 
270 행: cmdTestError의 _extentx 속성 이름이 잘못되었습니다. 
271 행: cmdTestError의 _extenty 속성 이름이 잘못되었습니다. 
264 행: cmdTestError의 Font 속성을 설정할 수 없습니다.
281 행: cmdResetError의 _extentx 속성 이름이 잘못되었습니다. 
282 행: cmdResetError의 _extenty 속성 이름이 잘못되었습니다. 
283 행: cmdResetError의 imagelistalignment 속성 이름이 잘못되었습니다. 
300 행: cmdBrowseQuestion의 _extentx 속성 이름이 잘못되었습니다. 
301 행: cmdBrowseQuestion의 _extenty 속성 이름이 잘못되었습니다. 
302 행: cmdBrowseQuestion의 imagelistalignment 속성 이름이 잘못되었습니다. 
326 행: cmdTestQuestion의 _extentx 속성 이름이 잘못되었습니다. 
327 행: cmdTestQuestion의 _extenty 속성 이름이 잘못되었습니다. 
320 행: cmdTestQuestion의 Font 속성을 설정할 수 없습니다.
337 행: cmdResetQuestion의 _extentx 속성 이름이 잘못되었습니다. 
338 행: cmdResetQuestion의 _extenty 속성 이름이 잘못되었습니다. 
339 행: cmdResetQuestion의 imagelistalignment 속성 이름이 잘못되었습니다. 
449 행: cmdHeaders의 _extentx 속성 이름이 잘못되었습니다. 
450 행: cmdHeaders의 _extenty 속성 이름이 잘못되었습니다. 
995 행: cmdDeleteTheme의 _extentx 속성 이름이 잘못되었습니다. 
996 행: cmdDeleteTheme의 _extenty 속성 이름이 잘못되었습니다. 
1005 행: cmdSaveTheme의 _extentx 속성 이름이 잘못되었습니다. 
1006 행: cmdSaveTheme의 _extenty 속성 이름이 잘못되었습니다. 
1049 행: cmdAdvancedSkin의 _extentx 속성 이름이 잘못되었습니다. 
1050 행: cmdAdvancedSkin의 _extenty 속성 이름이 잘못되었습니다. 
1051 행: cmdAdvancedSkin의 imagelistalignment 속성 이름이 잘못되었습니다. 
1075 행: cmdAdvancedProgressSkin의 _extentx 속성 이름이 잘못되었습니다. 
1076 행: cmdAdvancedProgressSkin의 _extenty 속성 이름이 잘못되었습니다. 
1077 행: cmdAdvancedProgressSkin의 imagelistalignment 속성 이름이 잘못되었습니다. 
1085 행: cmdAdvancedFrameSkin의 _extentx 속성 이름이 잘못되었습니다. 
1086 행: cmdAdvancedFrameSkin의 _extenty 속성 이름이 잘못되었습니다. 
1087 행: cmdAdvancedFrameSkin의 imagelistalignment 속성 이름이 잘못되었습니다. 
1165 행: cmdChooseBackground의 _extentx 속성 이름이 잘못되었습니다. 
1166 행: cmdChooseBackground의 _extenty 속성 이름이 잘못되었습니다. 
1167 행: cmdChooseBackground의 imagelistalignment 속성 이름이 잘못되었습니다. 
1303 행: cmdSample의 _extentx 속성 이름이 잘못되었습니다. 
1304 행: cmdSample의 _extenty 속성 이름이 잘못되었습니다. 
1363 행: cmdApply의 _extentx 속성 이름이 잘못되었습니다. 
1364 행: cmdApply의 _extenty 속성 이름이 잘못되었습니다. 
1389 행: CancelButton의 _extentx 속성 이름이 잘못되었습니다. 
1390 행: CancelButton의 _extenty 속성 이름이 잘못되었습니다. 
1400 행: OKButton의 _extentx 속성 이름이 잘못되었습니다. 
1401 행: OKButton의 _extenty 속성 이름이 잘못되었습니다. 
